Pinning is deprecated since Android Q. Please use trim or other methods.
2025-10-14 23:39:43.734  7993-7993  AndroidRuntime          com.companyname.skinmonitor          E  FATAL EXCEPTION: main
                                                                                                    Process: com.companyname.skinmonitor, PID: 7993
                                                                                                    android.runtime.JavaProxyThrowable: [Microsoft.Maui.Controls.Xaml.XamlParseException]: Position 107:52. StaticResource not found for key Success
                                                                                                    	at Microsoft.Maui.Controls.Xaml.ApplyPropertiesVisitor.ProvideValue + 0xa7(Unknown Source)
                                                                                                    	at Microsoft.Maui.Controls.Xaml.ApplyPropertiesVisitor.Visit + 0xea(Unknown Source)
                                                                                                    	at Microsoft.Maui.Controls.Xaml.ElementNode.Accept + 0x90(Unknown Source)
                                                                                                    	at Microsoft.Maui.Controls.Xaml.ElementNode.Accept + 0x3e(Unknown Source)
                                                                                                    	at Microsoft.Maui.Controls.Xaml.ElementNode.Accept + 0x67(Unknown Source)
                                                                                                    	at Microsoft.Maui.Controls.Xaml.ApplyPropertiesVisitor+<>c__DisplayClass43_0.<SetTemplate>b__0 + 0xde(Unknown Source)
                                                                                                    	at Microsoft.Maui.Controls.ElementTemplate.CreateContent + 0x21(Unknown Source)
                                                                                                    	at Microsoft.Maui.Controls.Handlers.Items.TemplatedItemViewHolder.Bind + 0x2c(Unknown Source)
                                                                                                    	at Microsoft.Maui.Controls.Handlers.Items.ItemsViewAdapter`2[[Microsoft.Maui.Controls.ReorderableItemsView, Microsoft.Maui.Controls, Version=1.0.0.0, Culture=neutral, PublicKeyToken=null],[Microsoft.Maui.Controls.Handlers.Items.IGroupableItemsViewSource, Microsoft.Maui.Controls, Version=1.0.0.0, Culture=neutral, PublicKeyToken=null]].BindTemplatedItemViewHolder + 0x0(Unknown Source)
                                                                                                    	at Microsoft.Maui.Controls.Handlers.Items.StructuredItemsViewAdapter`2[[Microsoft.Maui.Controls.ReorderableItemsView, Microsoft.Maui.Controls, Version=1.0.0.0, Culture=neutral, PublicKeyToken=null],[Microsoft.Maui.Controls.Handlers.Items.IGroupableItemsViewSource, Microsoft.Maui.Controls, Version=1.0.0.0, Culture=neutral, PublicKeyToken=null]].BindTemplatedItemViewHolder + 0x4d(Unknown Source)
                                                                                                    	at Microsoft.Maui.Controls.Handlers.Items.ItemsViewAdapter`2[[Microsoft.Maui.Controls.ReorderableItemsView, Microsoft.Maui.Controls, Version=1.0.0.0, Culture=neutral, PublicKeyToken=null],[Microsoft.Maui.Controls.Handlers.Items.IGroupableItemsViewSource, Microsoft.Maui.Controls, Version=1.0.0.0, Culture=neutral, PublicKeyToken=null]].OnBindViewHolder + 0x38(Unknown Source)
                                                                                                    	at Microsoft.Maui.Controls.Handlers.Items.StructuredItemsViewAdapter`2[[Microsoft.Maui.Controls.ReorderableItemsView, Microsoft.Maui.Controls, Version=1.0.0.0, Culture=neutral, PublicKeyToken=null],[Microsoft.Maui.Controls.Handlers.Items.IGroupableItemsViewSource, Microsoft.Maui.Controls, Version=1.0.0.0, Culture=neutral, PublicKeyToken=null]].OnBindViewHolder + 0x56(Unknown Source)
                                                                                                    	at Microsoft.Maui.Controls.Handlers.Items.SelectableItemsViewAdapter`2[[Microsoft.Maui.Controls.ReorderableItemsView, Microsoft.Maui.Controls, Version=1.0.0.0, Culture=neutral, PublicKeyToken=null],[Microsoft.Maui.Controls.Handlers.Items.IGroupableItemsViewSource, Microsoft.Maui.Controls, Version=1.0.0.0, Culture=neutral, PublicKeyToken=null]].OnBindViewHolder + 0x0(Unknown Source)
                                                                                                    	at Microsoft.Maui.Controls.Handlers.Items.GroupableItemsViewAdapter`2[[Microsoft.Maui.Controls.ReorderableItemsView, Microsoft.Maui.Controls, Version=1.0.0.0, Culture=neutral, PublicKeyToken=null],[Microsoft.Maui.Controls.Handlers.Items.IGroupableItemsViewSource, Microsoft.Maui.Controls, Version=1.0.0.0, Culture=neutral, PublicKeyToken=null]].OnBindViewHolder + 0x4b(Unknown Source)
                                                                                                    	at AndroidX.RecyclerView.Widget.RecyclerView+Adapter.n_OnBindViewHolder_Landroidx_recyclerview_widget_RecyclerView_ViewHolder_I + 0x0(Unknown Source)
                                                                                                    	at Android.Runtime.JNINativeWrapper.Wrap_JniMarshal_PPLI_V + 0x5(Unknown Source)
                                                                                                    	at System.Runtime.ExceptionServices.ExceptionDispatchInfo.Throw + 0x11(Unknown Source)
                                                                                                    	at Java.Interop.JniEnvironment+StaticMethods.CallStaticLongMethod + 0x67(Unknown Source)
                                                                                                    	at Java.Interop.JniPeerMembers+JniStaticMethods.InvokeInt64Method + 0x8(Unknown Source)
                                                                                                    	at Microsoft.Maui.PlatformInterop.MeasureAndGetWidthAndHeight + 0x50(Unknown Source)
                                                                                                    	at Microsoft.Maui.ViewHandlerExtensions.GetDesiredSizeFromHandler + 0x65(Unknown Source)
2025-10-14 23:39:43.737  7993-7993  AndroidRuntime          com.companyname.skinmonitor          E  	at Microsoft.Maui.Handlers.ViewHandler`2[[Microsoft.Maui.Controls.ReorderableItemsView, Microsoft.Maui.Controls, Version=1.0.0.0, Culture=neutral, PublicKeyToken=null],[AndroidX.RecyclerView.Widget.RecyclerView, Xamarin.AndroidX.RecyclerView, Version=1.0.0.0, Culture=neutral, PublicKeyToken=null]].GetDesiredSize + 0x0(Unknown Source)
                                                                                                    	at Microsoft.Maui.Controls.Handlers.Items.ItemsViewHandler`1[[Microsoft.Maui.Controls.ReorderableItemsView, Microsoft.Maui.Controls, Version=1.0.0.0, Culture=neutral, PublicKeyToken=null]].GetDesiredSize + 0x38(Unknown Source)
                                                                                                    	at Microsoft.Maui.Layouts.LayoutExtensions.ComputeDesiredSize + 0x39(Unknown Source)
                                                                                                    	at Microsoft.Maui.Controls.VisualElement.MeasureOverride + 0x0(Unknown Source)
                                                                                                    	at Microsoft.Maui.Controls.VisualElement.Microsoft.Maui.IView.Measure + 0x0(Unknown Source)
                                                                                                    	at Microsoft.Maui.Layouts.VerticalStackLayoutManager.Measure + 0x51(Unknown Source)
                                                                                                    	at Microsoft.Maui.Controls.StackLayoutManager.Measure + 0x0(Unknown Source)
                                                                                                    	at Microsoft.Maui.Controls.Layout.CrossPlatformMeasure + 0x0(Unknown Source)
                                                                                                    	at Microsoft.Maui.Platform.LayoutViewGroup.CrossPlatformMeasure + 0xa(Unknown Source)
                                                                                                    	at Microsoft.Maui.Platform.LayoutViewGroup.OnMeasure + 0x3f(Unknown Source)
                                                                                                    	at Android.Views.View.n_OnMeasure_II + 0x0(Unknown Source)
                                                                                                    	at Android.Runtime.JNINativeWrapper.Wrap_JniMarshal_PPII_V + 0x5(Unknown Source)
                                                                                                    	at System.Runtime.ExceptionServices.ExceptionDispatchInfo.Throw + 0x11(Unknown Source)
                                                                                                    	at Java.Interop.JniEnvironment+StaticMethods.CallStaticLongMethod + 0x67(Unknown Source)
                                                                                                    	at Java.Interop.JniPeerMembers+JniStaticMethods.InvokeInt64Method + 0x8(Unknown Source)
                                                                                                    	at Microsoft.Maui.PlatformInterop.MeasureAndGetWidthAndHeight + 0x50(Unknown Source)
                                                                                                    	at Microsoft.Maui.ViewHandlerExtensions.GetDesiredSizeFromHandler + 0x65(Unknown Source)
                                                                                                    	at Microsoft.Maui.Handlers.ViewHandler`2[[Microsoft.Maui.ILayout, Microsoft.Maui, Version=1.0.0.0, Culture=neutral, PublicKeyToken=null],[Microsoft.Maui.Platform.LayoutViewGroup, Microsoft.Maui, Version=1.0.0.0, Culture=neutral, PublicKeyToken=null]].GetDesiredSize + 0x0(Unknown Source)
                                                                                                    	at Microsoft.Maui.Layouts.LayoutExtensions.ComputeDesiredSize + 0x39(Unknown Source)
                                                                                                    	at Microsoft.Maui.Controls.VisualElement.MeasureOverride + 0x0(Unknown Source)
                                                                                                    	at Microsoft.Maui.Controls.VisualElement.Microsoft.Maui.IView.Measure + 0x0(Unknown Source)
                                                                                                    	at Microsoft.Maui.Layouts.LayoutExtensions.MeasureContent + 0x3a(Unknown Source)
                                                                                                    	at Microsoft.Maui.Controls.Frame.Microsoft.Maui.ICrossPlatformLayout.CrossPlatformMeasure + 0x1c(Unknown Source)
                                                                                                    	at Microsoft.Maui.ViewHandlerExtensions.MeasureVirtualView + 0x63(Unknown Source)
                                                                                                    	at Microsoft.Maui.Controls.Handlers.Compatibility.FrameRenderer.OnMeasure + 0x35(Unknown Source)
                                                                                                    	at Android.Views.View.n_OnMeasure_II + 0x0(Unknown Source)
                                                                                                    	at Android.Runtime.JNINativeWrapper.Wrap_JniMarshal_PPII_V + 0x5(Unknown Source)
                                                                                                    	at System.Runtime.ExceptionServices.ExceptionDispatchInfo.Throw + 0x11(Unknown Source)
                                                                                                    	at Java.Interop.JniEnvironment+StaticMethods.CallStaticLongMethod + 0x67(Unknown Source)
                                                                                                    	at Java.Interop.JniPeerMembers+JniStaticMethods.InvokeInt64Method + 0x8(Unknown Source)
                                                                                                    	at Microsoft.Maui.PlatformInterop.MeasureAndGetWidthAndHeight + 0x50(Unknown Source)
                                                                                                    	at Microsoft.Maui.ViewHandlerExtensions.GetDesiredSizeFromHandler + 0x65(Unknown Source)
                                                                                                    	at Microsoft.Maui.Controls.Handlers.Compatibility.VisualElementRenderer`1[[Microsoft.Maui.Controls.Frame, Microsoft.Maui.Controls, Version=1.0.0.0, Culture=neutral, PublicKeyToken=null]].GetDesiredSize + 0x0(Unknown Source)
                                                                                                    	at Microsoft.Maui.Controls.Handlers.Compatibility.FrameRenderer.Microsoft.Maui.IViewHandler.GetDesiredSize + 0x49(Unknown Source)
                                                                                                    	at Microsoft.Maui.Layouts.LayoutExtensions.ComputeDesiredSize + 0x39(Unknown Source)
                                                                                                    	at Microsoft.Maui.Controls.TemplatedView.MeasureOverride + 0x0(Unknown Source)
                                                                                                    	at Microsoft.Maui.Controls.Compatibility.Layout.Microsoft.Maui.IView.Measure + 0x0(Unknown Source)
2025-10-14 23:39:43.739  7993-7993  AndroidRuntime          com.companyname.skinmonitor          E  	at Microsoft.Maui.Layouts.VerticalStackLayoutManager.Measure + 0x51(Unknown Source)
                                                                                                    	at Microsoft.Maui.Controls.StackLayoutManager.Measure + 0x0(Unknown Source)
                                                                                                    	at Microsoft.Maui.Controls.Layout.CrossPlatformMeasure + 0x0(Unknown Source)
                                                                                                    	at Microsoft.Maui.Platform.LayoutViewGroup.CrossPlatformMeasure + 0xa(Unknown Source)
                                                                                                    	at Microsoft.Maui.Platform.LayoutViewGroup.OnMeasure + 0x3f(Unknown Source)
                                                                                                    	at Android.Views.View.n_OnMeasure_II + 0x0(Unknown Source)
                                                                                                    	at Android.Runtime.JNINativeWrapper.Wrap_JniMarshal_PPII_V + 0x5(Unknown Source)
                                                                                                    	at System.Runtime.ExceptionServices.ExceptionDispatchInfo.Throw + 0x11(Unknown Source)
                                                                                                    	at Java.Interop.JniEnvironment+StaticMethods.CallStaticLongMethod + 0x67(Unknown Source)
                                                                                                    	at Java.Interop.JniPeerMembers+JniStaticMethods.InvokeInt64Method + 0x8(Unknown Source)
                                                                                                    	at Microsoft.Maui.PlatformInterop.MeasureAndGetWidthAndHeight + 0x50(Unknown Source)
                                                                                                    	at Microsoft.Maui.ViewHandlerExtensions.GetDesiredSizeFromHandler + 0x65(Unknown Source)
                                                                                                    	at Microsoft.Maui.Handlers.ViewHandler`2[[Microsoft.Maui.ILayout, Microsoft.Maui, Version=1.0.0.0, Culture=neutral, PublicKeyToken=null],[Microsoft.Maui.Platform.LayoutViewGroup, Microsoft.Maui, Version=1.0.0.0, Culture=neutral, PublicKeyToken=null]].GetDesiredSize + 0x0(Unknown Source)
                                                                                                    	at Microsoft.Maui.Layouts.LayoutExtensions.ComputeDesiredSize + 0x39(Unknown Source)
                                                                                                    	at Microsoft.Maui.Controls.VisualElement.MeasureOverride + 0x0(Unknown Source)
                                                                                                    	at Microsoft.Maui.Controls.VisualElement.Microsoft.Maui.IView.Measure + 0x0(Unknown Source)
                                                                                                    	at Microsoft.Maui.Controls.ScrollView.Microsoft.Maui.ICrossPlatformLayout.CrossPlatformMeasure + 0x72(Unknown Source)
                                                                                                    	at Microsoft.Maui.Handlers.ScrollViewHandler.Microsoft.Maui.ICrossPlatformLayout.CrossPlatformMeasure + 0x3e(Unknown Source)
                                                                                                    	at Microsoft.Maui.Platform.ContentViewGroup.CrossPlatformMeasure + 0xa(Unknown Source)
                                                                                                    	at Microsoft.Maui.Platform.ContentViewGroup.OnMeasure + 0x3f(Unknown Source)
                                                                                                    	at Android.Views.View.n_OnMeasure_II + 0x0(Unknown Source)
                                                                                                    	at Android.Runtime.JNINativeWrapper.Wrap_JniMarshal_PPII_V + 0x5(Unknown Source)
                                                                                                    	at System.Runtime.ExceptionServices.ExceptionDispatchInfo.Throw + 0x11(Unknown Source)
                                                                                                    	at Java.Interop.JniEnvironment+InstanceMethods.CallNonvirtualVoidMethod + 0x87(Unknown Source)
                                                                                                    	at Java.Interop.JniPeerMembers+JniInstanceMethods.InvokeVirtualVoidMethod + 0x65(Unknown Source)
                                                                                                    	at Android.Views.View.OnMeasure + 0x2b(Unknown Source)
                                                                                                    	at Microsoft.Maui.Platform.MauiScrollView.OnMeasure + 0x0(Unknown Source)
                                                                                                    	at Android.Views.View.n_OnMeasure_II + 0x0(Unknown Source)
                                                                                                    	at Android.Runtime.JNINativeWrapper.Wrap_JniMarshal_PPII_V + 0x5(Unknown Source)
                                                                                                    	at System.Runtime.ExceptionServices.ExceptionDispatchInfo.Throw + 0x11(Unknown Source)
                                                                                                    	at Java.Interop.JniEnvironment+StaticMethods.CallStaticLongMethod + 0x67(Unknown Source)
                                                                                                    	at Java.Interop.JniPeerMembers+JniStaticMethods.InvokeInt64Method + 0x8(Unknown Source)
                                                                                                    	at Microsoft.Maui.PlatformInterop.MeasureAndGetWidthAndHeight + 0x50(Unknown Source)
                                                                                                    	at Microsoft.Maui.ViewHandlerExtensions.GetDesiredSizeFromHandler + 0x65(Unknown Source)
                                                                                                    	at Microsoft.Maui.Handlers.ViewHandler`2[[Microsoft.Maui.IRefreshView, Microsoft.Maui, Version=1.0.0.0, Culture=neutral, PublicKeyToken=null],[Microsoft.Maui.Platform.MauiSwipeRefreshLayout, Microsoft.Maui, Version=1.0.0.0, Culture=neutral, PublicKeyToken=null]].GetDesiredSize + 0x0(Unknown Source)
                                                                                                    	at Microsoft.Maui.Layouts.LayoutExtensions.ComputeDesiredSize + 0x39(Unknown Source)
                                                                                                    	at Microsoft.Maui.Controls.TemplatedView.MeasureOverride + 0x0(Unknown Source)
                                                                                                    	at Microsoft.Maui.Controls.Compatibility.Layout.Microsoft.Maui.IView.Measure + 0x0(Unknown Source)
                                                                                                    	at Microsoft.Maui.Layouts.GridLayoutManager+GridStructure.MeasureCell + 0xe(Unknown Source)
                                                                                                    	at Microsoft.Maui.Layouts.GridLayoutManager+GridStructure.SecondMeasurePass + 0xea(Unknown Source)
                                                                                                    	at Microsoft.Maui.Layouts.GridLayoutManager+GridStructure.MeasureCells + 0x2e(Unknown Source)
2025-10-14 23:39:43.740  7993-7993  AndroidRuntime          com.companyname.skinmonitor          E  	at Microsoft.Maui.Layouts.GridLayoutManager+GridStructure..ctor + 0x1b1(Unknown Source)
                                                                                                    	at Microsoft.Maui.Layouts.GridLayoutManager.Measure + 0x0(Unknown Source)
                                                                                                    	at Microsoft.Maui.Controls.Layout.CrossPlatformMeasure + 0x0(Unknown Source)
                                                                                                    	at Microsoft.Maui.Platform.LayoutViewGroup.CrossPlatformMeasure + 0xa(Unknown Source)
                                                                                                    	at Microsoft.Maui.Platform.LayoutViewGroup.OnMeasure + 0x3f(Unknown Source)
                                                                                                    	at Android.Views.View.n_OnMeasure_II + 0x0(Unknown Source)
                                                                                                    	at Android.Runtime.JNINativeWrapper.Wrap_JniMarshal_PPII_V + 0x5(Unknown Source)
                                                                                                    	at System.Runtime.ExceptionServices.ExceptionDispatchInfo.Throw + 0x11(Unknown Source)
                                                                                                    	at Java.Interop.JniEnvironment+StaticMethods.CallStaticLongMethod + 0x67(Unknown Source)
                                                                                                    	at Java.Interop.JniPeerMembers+JniStaticMethods.InvokeInt64Method + 0x8(Unknown Source)
                                                                                                    	at Microsoft.Maui.PlatformInterop.MeasureAndGetWidthAndHeight + 0x50(Unknown Source)
                                                                                                    	at Microsoft.Maui.ViewHandlerExtensions.GetDesiredSizeFromHandler + 0x65(Unknown Source)
                                                                                                    	at Microsoft.Maui.Handlers.ViewHandler`2[[Microsoft.Maui.ILayout, Microsoft.Maui, Version=1.0.0.0, Culture=neutral, PublicKeyToken=null],[Microsoft.Maui.Platform.LayoutViewGroup, Microsoft.Maui, Version=1.0.0.0, Culture=neutral, PublicKeyToken=null]].GetDesiredSize + 0x0(Unknown Source)
                                                                                                    	at Microsoft.Maui.Layouts.LayoutExtensions.ComputeDesiredSize + 0x39(Unknown Source)
                                                                                                    	at Microsoft.Maui.Controls.VisualElement.MeasureOverride + 0x0(Unknown Source)
                                                                                                    	at Microsoft.Maui.Controls.VisualElement.Microsoft.Maui.IView.Measure + 0x0(Unknown Source)
                                                                                                    	at Microsoft.Maui.Layouts.LayoutExtensions.MeasureContent + 0x3a(Unknown Source)
                                                                                                    	at Microsoft.Maui.Layouts.LayoutExtensions.MeasureContent + 0x0(Unknown Source)
                                                                                                    	at Microsoft.Maui.Controls.ContentPage.Microsoft.Maui.ICrossPlatformLayout.CrossPlatformMeasure + 0x0(Unknown Source)
                                                                                                    	at Microsoft.Maui.Platform.ContentViewGroup.CrossPlatformMeasure + 0xa(Unknown Source)
                                                                                                    	at Microsoft.Maui.Platform.ContentViewGroup.OnMeasure + 0x3f(Unknown Source)
                                                                                                    	at Android.Views.View.n_OnMeasure_II + 0x0(Unknown Source)
                                                                                                    	at Android.Runtime.JNINativeWrapper.Wrap_JniMarshal_PPII_V + 0x5(Unknown Source)
                                                                                                    	at System.Runtime.ExceptionServices.ExceptionDispatchInfo.Throw + 0x11(Unknown Source)
                                                                                                    	at Java.Interop.JniEnvironment+InstanceMethods.CallNonvirtualVoidMethod + 0x87(Unknown Source)
                                                                                                    	at Java.Interop.JniPeerMembers+JniInstanceMethods.InvokeNonvirtualVoidMethod + 0x1a(Unknown Source)
                                                                                                    	at Android.Views.View.Measure + 0x2b(Unknown Source)
                                                                                                    	at Microsoft.Maui.Controls.Platform.Compatibility.ShellPageContainer.OnMeasure + 0x14(Unknown Source)
                                                                                                    	at Android.Views.View.n_OnMeasure_II + 0x0(Unknown Source)
                                                                                                    	at Android.Runtime.JNINativeWrapper.Wrap_JniMarshal_PPII_V + 0x5(Unknown Source)
                                                                                                    	at crc640ec207abc449b2ca.ShellPageContainer.n_onMeasure(Native Method)
                                                                                                    	at crc640ec207abc449b2ca.ShellPageContainer.onMeasure(ShellPageContainer.java:60)
                                                                                                    	at android.view.View.measure(View.java:28407)
                                                                                                    	at android.view.ViewGroup.measureChildWithMargins(ViewGroup.java:7028)
                                                                                                    	at android.widget.FrameLayout.onMeasure(FrameLayout.java:194)
                                                                                                    	at android.view.View.measure(View.java:28407)
                                                                                                    	at androidx.recyclerview.widget.RecyclerView$LayoutManager.measureChildWithMargins(RecyclerView.java:10326)
                                                                                                    	at androidx.recyclerview.widget.LinearLayoutManager.layoutChunk(LinearLayoutManager.java:1748)
                                                                                                    	at androidx.recyclerview.widget.LinearLayoutManager.fill(LinearLayoutManager.java:1682)
                                                                                                    	at androidx.recyclerview.widget.LinearLayoutManager.onLayoutChildren(LinearLayoutManager.java:747)
                                                                                                    	at androidx.recyclerview.widget.RecyclerView.dispatchLayoutStep2(RecyclerView.java:4737)
                                                                                                    	at androidx.recyclerview.widget.RecyclerView.dispatchLayout(RecyclerView.java:4459)
                                                                                                    	at androidx.recyclerview.widget.RecyclerView.onLayout(RecyclerView.java:5011)
                                                                                                    	at android.view.View.layout(View.java:25626)
                                                                                                    	at android.view.ViewGroup.layout(ViewGroup.java:6460)
                                                                                                    	at androidx.viewpager2.widget.ViewPager2.onLayout(ViewPager2.java:535)
                                                                                                    	at android.view.View.layout(View.java:25626)
                                                                                                    	at android.view.ViewGroup.layout(ViewGroup.java:6460)
2025-10-14 23:39:43.741  7993-7993  AndroidRuntime          com.companyname.skinmonitor          E  	at com.google.android.material.appbar.HeaderScrollingViewBehavior.layoutChild(HeaderScrollingViewBehavior.java:149)
                                                                                                    	at com.google.android.material.appbar.ViewOffsetBehavior.onLayoutChild(ViewOffsetBehavior.java:43)
                                                                                                    	at com.google.android.material.appbar.AppBarLayout$ScrollingViewBehavior.onLayoutChild(AppBarLayout.java:2365)
                                                                                                    	at androidx.coordinatorlayout.widget.CoordinatorLayout.onLayout(CoordinatorLayout.java:960)
                                                                                                    	at android.view.View.layout(View.java:25626)
                                                                                                    	at android.view.ViewGroup.layout(ViewGroup.java:6460)
                                                                                                    	at android.widget.FrameLayout.layoutChildren(FrameLayout.java:332)
                                                                                                    	at android.widget.FrameLayout.onLayout(FrameLayout.java:270)
                                                                                                    	at android.view.View.layout(View.java:25626)
                                                                                                    	at android.view.ViewGroup.layout(ViewGroup.java:6460)
                                                                                                    	at android.widget.LinearLayout.setChildFrame(LinearLayout.java:1891)
                                                                                                    	at android.widget.LinearLayout.layoutVertical(LinearLayout.java:1729)
                                                                                                    	at android.widget.LinearLayout.onLayout(LinearLayout.java:1638)
                                                                                                    	at android.view.View.layout(View.java:25626)
                                                                                                    	at android.view.ViewGroup.layout(ViewGroup.java:6460)
                                                                                                    	at android.widget.FrameLayout.layoutChildren(FrameLayout.java:332)
                                                                                                    	at android.widget.FrameLayout.onLayout(FrameLayout.java:270)
                                                                                                    	at android.view.View.layout(View.java:25626)
                                                                                                    	at android.view.ViewGroup.layout(ViewGroup.java:6460)
                                                                                                    	at androidx.drawerlayout.widget.DrawerLayout.onLayout(DrawerLayout.java:1273)
                                                                                                    	at android.view.View.layout(View.java:25626)
                                                                                                    	at android.view.ViewGroup.layout(ViewGroup.java:6460)
                                                                                                    	at android.widget.LinearLayout.setChildFrame(LinearLayout.java:1891)
                                                                                                    	at android.widget.LinearLayout.layoutHorizontal(LinearLayout.java:1880)
                                                                                                    	at android.widget.LinearLayout.onLayout(LinearLayout.java:1640)
                                                                                                    	at android.view.View.layout(View.java:25626)
                                                                                                    	at android.view.ViewGroup.layout(ViewGroup.java:6460)
                                                                                                    	at android.widget.FrameLayout.layoutChildren(FrameLayout.java:332)
                                                                                                    	at android.widget.FrameLayout.onLayout(FrameLayout.java:270)
                                                                                                    	at android.view.View.layout(View.java:25626)
                                                                                                    	at android.view.ViewGroup.layout(ViewGroup.java:6460)
                                                                                                    	at android.widget.FrameLayout.layoutChildren(FrameLayout.java:332)
                                                                                                    	at android.widget.FrameLayout.onLayout(FrameLayout.java:270)
                                                                                                    	at android.view.View.layout(View.java:25626)
                                                                                                    	at android.view.ViewGroup.layout(ViewGroup.java:6460)
                                                                                                    	at android.widget.FrameLayout.layoutChildren(FrameLayout.java:332)
                                                                                                    	at android.widget.FrameLayout.onLayout(FrameLayout.java:270)
                                                                                                    	at android.view.View.layout(View.java:25626)
                                                                                                    	at android.view.ViewGroup.layout(ViewGroup.java:6460)
                                                                                                    	at android.widget.LinearLayout.setChildFrame(LinearLayout.java:1891)
                                                                                                    	at android.widget.LinearLayout.layoutVertical(LinearLayout.java:1729)
                                                                                                    	at android.widget.LinearLayout.onLayout(LinearLayout.java:1638)
                                                                                                    	at android.view.View.layout(View.java:25626)
                                                                                                    	at android.view.ViewGroup.layout(ViewGroup.java:6460)
                                                                                                    	at android.widget.FrameLayout.layoutChildren(FrameLayout.java:332)
                                                                                                    	at android.widget.FrameLayout.onLayout(FrameLayout.java:270)
                                                                                                    	at com.android.internal.policy.DecorView.onLayout(DecorView.java:775)
                                                                                                    	at android.view.View.layout(View.java:25626)
                                                                                                    	at android.view.ViewGroup.layout(ViewGroup.java:6460)
                                                                                                    	at android.view.ViewRootImpl.performLayout(ViewRootImpl.java:5075)
                                                                                                    	at android.view.ViewRootImpl.performTraversals(ViewRootImpl.java:4219)
                                                                                                    	at android.view.ViewRootImpl.doTraversal(ViewRootImpl.java:3077)
                                                                                                    	at android.view.ViewRootImpl$TraversalRunnable.run(ViewRootImpl.java:10644)
                                                                                                    	at android.view.Choreographer$CallbackRecord.run(Choreographer.java:1570)
                                                                                                    	at android.view.Choreographer$CallbackRecord.run(Choreographer.java:1579)
                                                                                                    	at android.view.Choreographer.doCallbacks(Choreographer.java:1179)
                                                                                                    	at android.view.Choreographer.doFrame(Choreographer.java:1108)
                                                                                                    	at android.view.Choreographer$FrameDisplayEventReceiver.run(Choreographer.java:1553)
                                                                                                    	at android.os.Handler.handleCallback(Handler.java:995)
                                                                                                    	at android.os.Handler.dispatchMessage(Handler.java:103)
                                                                                                    	at android.os.Looper.loopOnce(Looper.java:248)
                                                                                                    	at android.os.Looper.loop(Looper.java:338)
                                                                                                    	at android.app.ActivityThread.main(ActivityThread.java:9067)
2025-10-14 23:39:43.741  7993-7993  AndroidRuntime          com.companyname.skinmonitor          E  	at java.lang.reflect.Method.invoke(Native Method)
                                                                                                    	at com.android.internal.os.RuntimeInit$MethodAndArgsCaller.run(RuntimeInit.java:593)
                                                                                                    	at com.android.internal.os.ZygoteInit.main(ZygoteInit.java:932)